// Jest Snapshot v1, https://goo.gl/fbAQLP

exports[`parse spec basic 1`] = `
"[h1]Heading 1[/h1]

[h2]Heading 2[/h2]

[h3]Heading 3[/h3]

[h4]Heading 4[/h4]

[h5]Heading 5[/h5]

[h6]Heading 6[/h6]

This is [b]bold[/b] text

This is [u]underlined[/u] text

This is [i]italicized[/i] text
This is also [i]italicized[/i] text

This is [strike]strikethrough[/strike] text

This is [spoiler]spoiler[/spoiler] text

This is
text with a break

This text [noparse][b]is[/b] *literal*[/noparse]

[noparse]
This is [i]also[/i]
literal __text__.
[/noparse]

[hr][/hr]

This is a link to [url=https://store.steampowered.com/]Steam[/url]!

An image is also [url=https://simpleicons.org/icons/steam.svg]a link[/url].

[list]
    [*]Bulleted list
    [*]Bulleted list
    [*]Bulleted list
[/list]

[olist]
    [*]Ordered list
    [*]Ordered list
    [*]Ordered list
[/olist]

[quote]this is a quote without an author[/quote]

[quote=author]this is a quote with an author[/quote]

This is [code]inline[/code] code

[code]
This is a code block
[/code]

[table]
  [tr]
    [th]This is[/th]
    [th]a table[/th]
  [/tr]
  [tr]
    [td]That's[/td]
    [td]cool![/td]
  [/tr]
[/table]

newlines


are preserved"
`;

exports[`parse spec list-items 1`] = `
"[list]
    [*][url=https://example.com]link[/url]
    [*][i]emphasis[/i]
    [*][b]strong[/b]
[/list]"
`;
